56 54 Courts of Chaos (4 player)
XXXXXXXXXXXXXXXXXXXXXXXXXXXXXXXXXXXXXXXXXXXXXXXXXXXXXXXX
XX0  X X X0X    s          XXX2  X X X2X    s          X
X0 0                       XX2 2                       X
XX  0       XXXXXXXXXXXXXXXXXX  2       XXXXXXXXXXXXXXXX
X    0       X        Xa  aXX    2       X        Xa  aX
X     0+     X XXX X  Xa  aXX     2+     X XXX X  Xa  aX
X     +0     Xe  X X       XX     +2     X  eX X       X
XX     +0    XXXXX XXXXXXX XXX     +2    XXXXX XXXXXXX X
X X      0   X        X    XX X      2   X        X    X
X X       0  X X XXXX X XXXXX X       2  X X XXXX X XXXX
XX  +  ++    X X X    X    XXX  +  ++    X X X    X    X
X   +          XXXXX  X XX XX   +          XXXXX  X XX X
X ++ ++  +++++ X   X  X X  XX ++ ++  +++++ X   X  X X  X
X   +          X X   X  XX XX   +          X X   X  XX X
XX  +  ++    X   X X XX X  XXX  +  ++    X   X X XX X  X
X X          X X   X       XX X          X X   X       X
X X          X   X X X XXX XX X          X   X X X XXX X
XX     +     XXXXX X X     XXX     +     XXXXX X X     X
X     +      X     X   XXXXXX     +      X     X   XXXXX
X      +     X XXX XX XXfffXX      +     X XXX XX XXfffX
X            X+e   X    fffXX            X+e   X    fffX
XX...  s    XXXXXXXXXXXXXXXXXX...  s    XXXXXXXXXXXXXXXX
X           X               XX          X              X
XX   X X X X      ...      XXX   X X X X     ...       X
X                 ...                        ...       X
X...... ............................. .................X
X  .... ..........   ................ ...............  X
X  .... ..........   ................ ...............  X
X...... ............................. .................X
X                 ...                        ...       X
XX   X X X X      ...      XXX   X X X X     ...       X
X           X              XX           X              X
XX...  s    XXXXXXXXXXXXXXXXXX...  s    XXXXXXXXXXXXXXXX
X            X        Xa  aXX            X        Xa  aX
X     +      X XXX X  Xa  aXX      +     X XXX X  Xa  aX
X     +      X  eX X       XX     +      X  eX X       X
XX     +     XXXXX XXXXXXX XXX     +     XXXXX XXXXXXX X
X X          X        X    XX X          X        X    X
X X          X X XXXX X XXXXX X          X X XXXX X XXXX
XX  +  ++    X X X    X    XXX  +  ++    X X X    X    X
X   +          XXXXX  X XX XX   +          XXXXX  X XX X
X ++ ++  +++++ X   X  X X  XX ++ ++  +++++ X   X  X X  X
X   +          X X   X  XX XX   +          X X   X  XX X
XX  +  ++    X   X X XX X  XXX  +  ++    X   X X XX X  X
X X       1  X X   X       XX X       3  X X   X       X
X X      1   X   X X X XXX XX X      3   X   X X X XXX X
XX     +1    XXXXX X X     XXX     +3    XXXXX X X     X
X     +1     X     X   XXXXXX     +3     X     X   XXXXX
X     1+     X XXX XX XXfffXX     3+     X XXX XX XXfffX
X    1       X+e   X    fffXX    3       X+e   X    fffX
XX  1       XXXXXXXXXXXXXXXXXX  3       XXXXXXXXXXXXXXXX
X1 1         X  s          XX3 3         X  s          X
XX1  X X X1X               XXX3  X X X3X               X
XXXXXXXXXXXXXXXXXXXXXXXXXXXXXXXXXXXXXXXXXXXXXXXXXXXXXXXX

