"minecraft.gfx" 35 29 Dust
%%%%%%%%%%%%%%%%%%%%%%%%%%%%%%%%%%%
%###############%      %##########%
%###############%  aa  %##########%
%%%%%%%%%%%%%%%%% +aa  %##########%
%       %#####%        %##########%
%  000  %#####%       +%##########%
%  000  %#####%        %##########%
%  000  %#####%        %##########%
% %     %#####%% %%    %##########%
% % +0 +%%%%%### #%+   %%%%%%%%%%%%
%           %### #%    %%%        %
%           %### #%%  %%%%%  +    %
%           %###      +%   %  111 %
%       %%  %### #%+   %      111+%
%       %%  %##  #%    %%%    111+%
% %     %%       #%               %
% %   ++%%       #%    %%         %
% %     %%  %##  #%    %%%% % %%  %
%%  %%%%%%  %%# ##%    %    % %% 1%
%%       %   %# #%     % % %% %%  %
%%       %   %% %% % % % %        %   
%%+      %   %%    % % % %%%%%%%%%%
%%     %%%  %%%%%%%% % % %########%
%%           ###+ #  %   %########%
%%  %%%              % % %########%
%%  %#%  +++%## ###  %%%%%########%
%%  %#%     %%%%%%%%%%############%
%%%%%#% %%%%%#####################%
%%%%%%%%%%%%%%%%%%%%%%%%%%%%%%%%%%%

Inspired by the Counter-Strike Map 
"de_dust"
