"urban.gfx" 49 45 Gallifrey
XXXXXXXXXXXXXXXXXXXXXXXXXXXXXXXXXXXXXXXXXXXXXXXXX
XXXX......     ........XXX........     ......XXXX
XX         ...                     ...         XX
XXs  %%% %%%%% %%%%%   .X.   %%%%% %%%%  %%%  sXX
XX          +e ....% % .X. % %...  e+          XX
X. %    % %%%%%%%%   %  .  %   %%%%%%%% %   %  .X
X. %    % %%%%%%%%%%%%  .  %%%%%%%%%%%% %   %  .X
X.      %    %                    %     %      .X
X.   %  a%        %     #     %        %a  %   .X
X.%% %  ############# ##### #############  % %%.X
X.%a % #.           ... # ...           .# % a%.X
X.%% % # a          ... # ...         a  # % %%.X
X.%% % #  %%% %     ... # ...    % %%%   # % %%.X
X.   % #  %e  %     ... # ...    %  e%   # %   .X
X% %%% #  %%%%%     ... # ...    %%%%%   # %%% %X
X.   % #    .+s%    ... # ...   %s+.     # %   .X
X.%% % #    ..     .... # ....    ..     # % %%.X
X.%% % #    ..     .... # ....    ..     # % %%.X
X.   % #..............  #   .............# %   .X
X% %%%  ............   0#1    ...........  %%% %X
X..  % #...........   00#11    ..........# %  ..X
XX..   #             000#111             #   ..XX
XXXX. ##################################### .XXXX
XX..   #             222#333             #   ..XX
X..  % #...........   22#33    ..........# %  ..X
X% %%%  ............   2#3    ...........  %%% %X
X.   % #..............  #   .............# %   .X
X.%% % #    ..     .... # ....    ..     # % %%.X
X.%% % #    ..     .... # ....    ..     # % %%.X
X.   % #    .+s%    ... # ...   %s+.     # %   .X
X% %%% #  %%%%%     ... # ...    %%%%%   # %%% %X
X.   % #  %e  %     ... # ...    %  e%   # %   .X
X.%% % #  %%% %     ... # ...    % %%%   # % %%.X
X.%% % # a          ... # ...         a  # % %%.X
X.%a % #.           ... # ...           .# % a%.X
X.%% %  ############# ##### #############  % %%.X
X.   %  a%        %     #     %        %a  %   .X
X.      %    %                    %     %      .X
X. %    % %%%%%%%%%%%%  .  %%%%%%%%%%%% %   %  .X
X. %    % %%%%%%%%   %  .  %   %%%%%%%% %   %  .X
XX          +e ....% % .X. % %...  e+          XX
XXs  %%% %%%%% %%%%%   .X.   %%%%% %%%%  %%%  sXX
XX             ...                 ...         XX
XXXX..........     ....XXX........     ......XXXX
XXXXXXXXXXXXXXXXXXXXXXXXXXXXXXXXXXXXXXXXXXXXXXXXX
