"urban.gfx" 64 62 Insurgency (4 player)
%%%%%%%%%%%%%%%+++++%+++++++++++%%%%%%%%%%%%%%%+++++%+++++++++++
%%%%   %%%%%+++++++++++ 0   0+++%%%%   %%%%%+++++++++++ 1   1+++
%    %      0 0 0  +++++++ ++ ++%    %      1 1 1  +++++++ ++ ++
% % %% %%%    %             % ++% % %% %%%    %             % ++
%  % %             %%          +%  % %             %%          +
%       %  ######  XXXXX  XXXX +%       %  ######  XXXXX  XXXX +
%%         #e   #  X   X  Xa X +%%         #e   #  X   X  Xa X +
%          ## # #  XX XX  XX X +%          ## # #  XX XX  XX X +
+          ## #                ++          ## #                +
+       +     # ########  XXXX ++       +     # ########  XXXX +
++      +  #  #        #  X  X +++      +  #  #        #  X  X +
+ +        ##### ##### #  X XX ++ +        ##### ##### #  X XX +
+            #   #         0 0 ++            #   #         1 1 +
++           #a a# XX XX  XXXX +++           #a a# XX XX  XXXX +
++ +          #aa# X0 0X  X    +++ +          #aa# X1 1X  X    +
++XXXX  XXXXX #### XXXXX  XXXX +++XXXX  XXXXX #### XXXXX  XXXX +
+    X  X   X #aa#          + +++    X  X   X #aa#          + ++
+ XXXX  XX XX #a a#           +++ XXXX  XX XX #a a#           ++
+             #   #            ++             #   #            +
+ XX X  # ##### #####        + ++ XX X  # ##### #####        + +
+ X  X  #        #  #  %      +++ X  X  #        #  #  %      ++
+ XXXX  ######## #     %       ++ XXXX  ######## #     %       +
+                # ##          ++                # ##          +
+ X XX  XX XX  # #s##          ++ X XX  XX XX  # #s##          +
+ X aX  Xe  X  #    #         +++ X aX  Xe  X  #    #         ++
+ XXXX  XXXXX  ######  %       ++ XXXX  XXXXX  ######  %       +
+          %%             + +  ++          %%             + +  +
++ %             %    %%% ++ + +++ %             %    %%% ++ + +
++ ++ +++++++             +    +++ ++ +++++++             +    +
+%%      ++++++++++++++++   +++ e%%      ++++++++++++++++   ++++
+++++                                                      +++++
%%%%% %%%%%%%%%+++++%+++++++ ++e %%%% %%%%%%%%%+++++%++ ++++++++
%%%%   %%%%%+++++++++++      +++%%%%   %%%%%+++++++++++      +++
%    %             +++++++ ++ ++%    %             +++++++ ++ ++
% % %% %%%    %             % ++% % %% %%%    %             % ++
%  % %             %%          +%  % %             %%          +
%       %  ######  XXXXX  XXXX +%       %  ######  XXXXX  XXXX +
%%         #e   #  Xe  X  Xa X +%%         #e   #  Xe  X  Xa X +
%          ## # #  XX XX  XX X +%          ## # #  XX XX  XX X +
+          ## #                ++          ## #                +
+       +     # ########  XXXX ++       +     # ########  XXXX +
++      +  #  #        #  X  X +++      +  #  #        #  X  X +
+ +        ##### ##### #  X XX ++ +        ##### ##### #  X XX +
+            #   #             ++            #   #             +
++           #a a# XX XX  XXXX +++           #a a# XX XX  XXXX +
++ +          #aa# X   X  X    +++ +          #aa# X   X  X    +
++XXXX  XXXXX #### XXXXX  XXXX +++XXXX  XXXXX #### XXXXX  XXXX +
+    X  X2 2X #aa#          + +++    X  X3 3X #aa#          + ++
+ XXXX  XX XX #a a#           +++ XXXX  XX XX #a a#           ++
+ 2 2         #   #            ++ 3 3         #   #            +
+ XX X  # ##### #####        + ++ XX X  # ##### #####        + +
+ X  X  #        #  #  %      +++ X  X  #        #  #  %      ++
+ XXXX  ######## #     %       ++ XXXX  ######## #     %       +
+                # ##          ++                # ##          +
+ X XX  XX XX  # #s##          ++ X XX  XX XX  # #s##          +
+ X aX  X   X  #    #         +++ X aX  X   X  #    #         ++
+ XXXX  XXXXX  ######  %       ++ XXXX  XXXXX  ######  %       +
+          %%             + +  ++          %%             + +  +
++ %             %    %%% ++ + +++ %             %    %%% ++ + +
++ ++ +++++++  2 2 2      +    +++ ++ +++++++  3 3 3      +    +
+%%2   2 ++++++++++++++++   +++++%%3   3 ++++++++++++++++   ++++
++++++++++++++++++++++++++++++++++++++++++++++++++++++++++++++++

