"urban.gfx" 32 31 Insurgency
%%%%%%%%%%%%%%%+++++%+++++++++++
%%%%   %%%%%+++++++++++ 1   1+++
%    %      1 1 1  +++++++ ++ ++
% % %% %%%    %             % ++
%  % %             %%          +
%       %  ######  XXXXX  XXXX +
%%         #    #  X   X  Xa X +
%          ## # #  XX XX  XX X +
+          ## #                +
+       +     # ########  XXXX +
++      +  #  #        #  X  X +
+ +        ##### ##### #  X XX +
+            #   #         1 1 +
++           #a a# XX XX  XXXX +
++ +          #aa# X1 1X  X    +
++XXXX  XXXXX #### XXXXX  XXXX +
+    X  X0 0X #aa#          + ++
+ XXXX  XX XX #a a#           ++
+ 0 0         #   #            +
+ XX X  # ##### #####        + +
+ X  X  #        #  #  %      ++
+ XXXX  ######## #     %       +
+                # ##          +
+ X XX  XX XX  # # ##          +
+ X aX  X   X  #    #         ++
+ XXXX  XXXXX  ######  %       +
+          %%             + +  +
++ %             %    %%% ++ + +
++ ++ +++++++  0 0 0      +    +
+%%0   0 ++++++++++++++++   ++++
++++++++++++++++++++++++++++++++

