"AOE.gfx" 39 27 Maelstrom
XXXXXXXXXXXXXXXXXXXXXXXXXXXXXXXXXXXXXXX
XX                 XXX %  %  XXX    XXX
X% %%%               X % %  XXX 11   XX
X %   %        %%   XX % %  XX  1     X
X      %      %%    X    %  XX   XX   X
X0 %% 0%     0%  X XX       XX  1 XX  X
X %  %    XX  %   XX   % %   X 1 1 X1 X
X0%  %0    X   %       %  %  XX 1 XX  X
X    % %    X  %    X   % %   XX XX   X
X0  %  %           XXX  % %    XXX    X
X   % %                 %  %          X
X  %  %          XX      %  %%       %X
X%%    %%%      XX        %   %%   %% X
X         %%   X       X   %%     %   X
X %%  %%%   %        XX      %%%    %%X
X%       %%  %      XX          %  %  X
X          %  %                 % %   X
X    XXX    % %  XXX           %  %  1X
X   XX XX   % %   X    %  X    % %    X
X  XX 0 XX  %  %       %   X    1%  %1X
X 0X 0 0 X   % %   XX   %  XX    %  % X
X  XX 0  XX       XX X  %1     %1 %% 1X
X   XX   XX  %    X    %%      %      X
X     0  XX  % % XX   %%        %   % X
XX   00 XXX  % % X               %%% %X
XXX    XXX  %  % XXX                 XX
XXXXXXXXXXXXXXXXXXXXXXXXXXXXXXXXXXXXXXX
