"AOE.gfx" 50 52 Maelstrom 4-Player
XXXXXXXXXXXXXXXXXXXXXXXXXXXXXXXXXXXXXXXXXXXXXXXXXX
XX                 XXX %      XXX %  %  XXX  s XXX
X% %%%         ee    X %  ee    X % %  XXX 11   XX
X %s  %        %%   XX %  %%   XX % %  XX  1     X
X      %      %%    X    %%    X    %  XX   XX   X
X0 %% 0%     0%  X XX    %  X XX       XX  1 XX  X
X %  %    XX  %   XX   % %   XX   % %   X 1 1 X1 X
X0%  %0    X   %       %  %       %  %  XX 1 XX  X
X    % %    X  %    X   % %    X   % %   XX XX   X
X0  % e%           XXX  %     XXX  % %    XXX    X
X   % %                 %          %  %s         X
X  %  %          XX         XX      %  %%       %X
X%%    %%%      XX         XX        %  e%%   %% X
X         %%   X       X  X       X   %%     %   X
X %%  %%%  e%     ...XX........ XX      %%%    %%X
X%       %%  %    ..XX.........XX    ..    %  %  X
X         s%  %  ........%.........  ..    % %   X
X    XXX    % %  XXX.....%..XXX....       %e %  1X
X   XX XX   % %   X  ..%.%...X.   %  X    % %    X
X  XX 0 XX  %  %   ....%..%...    %   X    1%  %1X
X 0X 0 0 X   % %   XX ..%.%.. XX   %  XX    %  % X
X  XX 0  XX      .XX.X. %..  XX X  %1     %1 %% 1X
X   XX   XX  %....X.   %%....X....%%.     %      X
X     0  XX  % % XX   %%  % XX...%%   ..   %  s% X
XX   00 XXX  % % X    ee  % X    ee   ..    %%% %X
XXX s  XXX  %  % XXX   aa % XXX                 XX
XX                 XXX %      XXX %  %  XXX  s XXX
X% %%%    ..   ee    X %  ee    X % %  XXX 33   XX
X %s  %   ..   %%   XX %  %%   XX % %  XX  3     X
X      %      %%    X    %%    X    %  XX   XX   X
X2 %% 2%     2%  X XX   .%  X XX       XX  3 XX  X
X %  %    XX  %   XX   %.%.. XX   % %   X 3 3 X3 X
X2%  %2    X   %      .%..%...    %  %  XX 3 XX  X
X    % %    X  %    X...%.%....X...%.%   XX XX   X
X2  % e%         ..XXX..%.....XXX  % %    XXX    X
X   % %   ..          ..%......    %  %s         X
X  %  %   ..     XX  .......XX...   %  %%       %X
X%%    %%%      XX     ....XX..      %  e%%   %% X
X         %%   X       X..X.      X   %%     %   X
X %%  %%%  e%        XX  .....  XX      %%%    %%X
X%       %%  %      XX      .. XX   ..     %  %  X
X         s%  %          %          ..     % %   X
X    XXX    % %  XXX     %  XXX           %e %  3X
X   XX XX   % %   X    % %   X    %  X    % %    X
X  XX 2 XX  %  %       %  %       %   X    3%  %3X
X 2X 2 2 X   % %   XX   % %   XX   %  XX    %  % X
X  XX 2  XX       XX X  %    XX X  %3     %3 %% 3X
X   XX   XX  %    X    %%    X    %%      %      X
X     2  XX  % % XX   %%  % XX   %%        %  s% X
XX   22 XXX  % % X    ee  % X    ee         %%% %X
XXX s  XXX  %  % XXX      % XXX                 XX
XXXXXXXXXXXXXXXXXXXXXXXXXXXXXXXXXXXXXXXXXXXXXXXXXX
