"urban.gfx" 47 47 Metropolis
+++++++++++++++++++++++++++++++++++++++++++++++
+.............................................+
+.0% .   .   .   .   .   .   .   .   .   . %1.+
+.%%0.   .   .   .   .   .   .   .   .   . %%.+
+.   .   .   .   .   .   .   .   .   .   . 1 .+
+.............................................+
+.   .   .   .   .XXX.XXX.XXX.   .   .   .   .+
+.  %.   .   .   .   . X .   .   .   .   .%  .+
+. %%.   .  f.   .XXX.XXX.XXX.   .f  .   .%% .+
+.............................................+
+.   .  f.  e.###################.e  .f  .   .+
+.   .   .   .#s0a      #    a1s#.   .   .   .+
+.....   .   .#0##### #########1#.   .   .....+
+..... .......# # #   #   #   # #.............+
+.++s+ ++++++.#     # # # # # # #.++++++ +s++.+
+.++ + +%%%%+.### ###   # # ### #.+%%%%+ + ++.+
+.++   +%%%%+.# #     # # #     #.+%%%%+   ++.+
+.++++ ++++++.# #####   # # #####.++++++ ++++.+
+.            # #     # # #   # #            .+
+.XXXXXXXXXXX   # ##### #   #     XXXXXXXXXXX.+
+.X X X     X #       #   # ### # X     X X X.+
+.X    e    X ####### ## ##     # X    e    X.+
+.X           #          #  #####           X.+
+.XXXXXXXXXXX ############      # XXXXXXXXXXX.+
+.X           #            ######           X.+
+.X    e    X ####### ## ##     # X    e    X.+
+.X X X     X #       #   # ### # X     X X X.+
+.XXXXXXXXXXX   # ##### #   #     XXXXXXXXXXX.+
+.            # #     # # #   # #            .+
+.++++ ++++++.# #####   # # #####.++++++ ++++.+
+.++   +%%%%+.# #     # # #     #.+%%%%+   ++.+
+.++ + +%%%%+.### ###   # # ### #.+%%%%+ + ++.+
+.++s+ ++++++.#     # # # # # # #.++++++ +s++.+
+.............# # #   #   #   # #.............+
+.....   .   .#2##### #########3#.   .   .....+
+.   .   .   .#s2a      #    a3s#.   .   .   .+
+.   .  f.  e.###################.e  .f  .   .+
+.............................................+
+.%% .   .  f.   .XXX.XXX.XXX.   .f  .   .%% .+
+. % .   .   .   .   . X .   .   .   .   .%  .+
+.   .   .   .   .XXX.XXX.XXX.   .   .   .   .+
+.............................................+
+. 2 .   .   .   .   .   .   .   .   .   .   .+
+.%% .   .   .   .   .   .   .   .   .   .3%%.+
+.2% .   .   .   .   .   .   .   .   .   . %3.+
+.............................................+
+++++++++++++++++++++++++++++++++++++++++++++++
